[sites.google.com/view/andoverphilo/index.html]
[backblue.gif]
[fade.gif]
[index.html]
[ssl.gstatic.com/atari/images/simple-header-blended-small.png]
[apis.google.com/js/clientc932.js]
[www.google-analytics.com/analytics.js]
[sites.google.com/view/andoverphilo/home.html]
[sites.google.com/view/andoverphilo/curriculum.html]
[sites.google.com/view/andoverphilo/curriculum/case-construction.html]
[sites.google.com/view/andoverphilo/curriculum/case-construction/contentions.html]
[sites.google.com/view/andoverphilo/curriculum/case-construction/significance.html]
[sites.google.com/view/andoverphilo/curriculum/case-construction/impact-weighing.html]
[sites.google.com/view/andoverphilo/curriculum/refutation.html]
[sites.google.com/view/andoverphilo/curriculum/refutation/using-your-case-to-take-out-your-opponents-argument.html]
[sites.google.com/view/andoverphilo/curriculum/refutation/finding-points-of-clash.html]
[sites.google.com/view/andoverphilo/curriculum/refutation/attacking-their-logic.html]
[sites.google.com/view/andoverphilo/curriculum/presentation.html]
[sites.google.com/view/andoverphilo/curriculum/presentation/emotional-appealcreating-a-sense-of-urgency.html]
[sites.google.com/view/andoverphilo/curriculum/presentation/body-language.html]
[sites.google.com/view/andoverphilo/curriculum/presentation/vocal-pitch.html]
[sites.google.com/view/andoverphilo/curriculum/presentation/fluency.html]
[sites.google.com/view/andoverphilo/curriculum/presentation/clarity.html]
[sites.google.com/view/andoverphilo/curriculum/presentation/avoiding-filler-words.html]
[sites.google.com/view/andoverphilo/curriculum/debate-specific-skills.html]
[sites.google.com/view/andoverphilo/curriculum/debate-specific-skills/framing-and-definitions.html]
[sites.google.com/view/andoverphilo/curriculum/debate-specific-skills/organizationsignposting.html]
[sites.google.com/view/andoverphilo/curriculum/debate-specific-skills/organizationsignposting/signposting.html]
[sites.google.com/view/andoverphilo/curriculum/debate-specific-skills/organizationsignposting/filling-time.html]
[sites.google.com/view/andoverphilo/curriculum/debate-specific-skills/flowing.html]
[sites.google.com/view/andoverphilo/curriculum/debate-specific-skills/clashcrux.html]
[sites.google.com/view/andoverphilo/curriculum/general-knowledge.html]
[sites.google.com/view/andoverphilo/curriculum/general-knowledge/philosophy.html]
[sites.google.com/view/andoverphilo/curriculum/general-knowledge/politics.html]
[sites.google.com/view/andoverphilo/curriculum/general-knowledge/current-events.html]
[sites.google.com/view/andoverphilo/curriculum/general-knowledge/economics.html]
[sites.google.com/view/andoverphilo/drills.html]
[sites.google.com/view/andoverphilo/drills/speaking-drills.html]
[sites.google.com/view/andoverphilo/drills/argument-drills.html]
[sites.google.com/view/andoverphilo/videos.html]
[sites.google.com/view/andoverphilo/videos/debate-skills-lectures.html]
[sites.google.com/view/andoverphilo/videos/collegiate-parliamentary-debate-rounds.html]
[sites.google.com/view/andoverphilo/debate-format.html]
[sites.google.com/view/andoverphilo/debate-format/procedure.html]
[sites.google.com/view/andoverphilo/debate-format/procedure/speeches.html]
[sites.google.com/view/andoverphilo/debate-format/procedure/speeches/signposting-cheat-sheet.html]
[sites.google.com/view/andoverphilo/debate-format/scoring.html]
[sites.google.com/view/andoverphilo/resources.html]
[sites.google.com/view/andoverphilo/resources/general.html]
[sites.google.com/view/andoverphilo/resources/case-construction.html]
[sites.google.com/view/andoverphilo/resources/philosophy-and-economics.html]
[sites.google.com/view/andoverphilo/index.html]
[sites.google.com/view/andoverphilo/home.html]
[sites.google.com/view/andoverphilo/curriculum.html]
[sites.google.com/view/andoverphilo/curriculum/case-construction.html]
[sites.google.com/view/andoverphilo/curriculum/case-construction/contentions.html]
[sites.google.com/view/andoverphilo/curriculum/case-construction/significance.html]
[sites.google.com/view/andoverphilo/curriculum/case-construction/impact-weighing.html]
[sites.google.com/view/andoverphilo/curriculum/refutation.html]
[sites.google.com/view/andoverphilo/curriculum/refutation/using-your-case-to-take-out-your-opponents-argument.html]
[sites.google.com/view/andoverphilo/curriculum/refutation/finding-points-of-clash.html]
[sites.google.com/view/andoverphilo/curriculum/refutation/attacking-their-logic.html]
[sites.google.com/view/andoverphilo/curriculum/presentation.html]
[sites.google.com/view/andoverphilo/curriculum/presentation/emotional-appealcreating-a-sense-of-urgency.html]
[sites.google.com/view/andoverphilo/curriculum/presentation/body-language.html]
[sites.google.com/view/andoverphilo/curriculum/presentation/vocal-pitch.html]
[sites.google.com/view/andoverphilo/curriculum/presentation/fluency.html]
[sites.google.com/view/andoverphilo/curriculum/presentation/clarity.html]
[sites.google.com/view/andoverphilo/curriculum/presentation/avoiding-filler-words.html]
[sites.google.com/view/andoverphilo/curriculum/debate-specific-skills.html]
[sites.google.com/view/andoverphilo/curriculum/debate-specific-skills/framing-and-definitions.html]
[sites.google.com/view/andoverphilo/curriculum/debate-specific-skills/organizationsignposting.html]
[sites.google.com/view/andoverphilo/curriculum/debate-specific-skills/organizationsignposting/signposting.html]
[sites.google.com/view/andoverphilo/curriculum/debate-specific-skills/organizationsignposting/filling-time.html]
[sites.google.com/view/andoverphilo/curriculum/debate-specific-skills/flowing.html]
[sites.google.com/view/andoverphilo/curriculum/debate-specific-skills/clashcrux.html]
[sites.google.com/view/andoverphilo/curriculum/general-knowledge.html]
[sites.google.com/view/andoverphilo/curriculum/general-knowledge/philosophy.html]
[sites.google.com/view/andoverphilo/curriculum/general-knowledge/politics.html]
[sites.google.com/view/andoverphilo/curriculum/general-knowledge/current-events.html]
[sites.google.com/view/andoverphilo/curriculum/general-knowledge/economics.html]
[sites.google.com/view/andoverphilo/drills.html]
[sites.google.com/view/andoverphilo/drills/speaking-drills.html]
[sites.google.com/view/andoverphilo/drills/argument-drills.html]
[sites.google.com/view/andoverphilo/videos.html]
[sites.google.com/view/andoverphilo/videos/debate-skills-lectures.html]
[sites.google.com/view/andoverphilo/videos/collegiate-parliamentary-debate-rounds.html]
[sites.google.com/view/andoverphilo/debate-format.html]
[sites.google.com/view/andoverphilo/resources/refutation.html]
[www.google.com/images/icons/product/drive-32.png]
[sites.google.com/view/andoverphilo/debate-format/procedure.html]
[sites.google.com/view/andoverphilo/debate-format/procedure/speeches.html]
[sites.google.com/view/andoverphilo/debate-format/procedure/speeches/signposting-cheat-sheet.html]
[sites.google.com/view/andoverphilo/debate-format/scoring.html]
[sites.google.com/view/andoverphilo/resources.html]
[sites.google.com/view/andoverphilo/resources/general.html]
[sites.google.com/view/andoverphilo/resources/case-construction.html]
[sites.google.com/view/andoverphilo/resources/philosophy-and-economics.html]
[sites.google.com/view/andoverphilo/resources/refutation.html]
